#
# There is insufficient memory for the Java Runtime Environment to continue.
# Native memory allocation (mmap) failed to map 132120576 bytes. Error detail: G1 virtual space
# Possible reasons:
#   The system is out of physical RAM or swap space
#   This process is running with CompressedOops enabled, and the Java Heap may be blocking the growth of the native heap
# Possible solutions:
#   Reduce memory load on the system
#   Increase physical memory or swap space
#   Check if swap backing store is full
#   Decrease Java heap size (-Xmx/-Xms)
#   Decrease number of Java threads
#   Decrease Java thread stack sizes (-Xss)
#   Set larger code cache with -XX:ReservedCodeCacheSize=
#   JVM is running with Unscaled Compressed Oops mode in which the Java heap is
#     placed in the first 4GB address space. The Java Heap base address is the
#     maximum limit for the native heap growth. Please use -XX:HeapBaseMinAddress
#     to set the Java Heap base and to place the Java Heap above 4GB virtual address.
# This output file may be truncated or incomplete.
#
#  Out of Memory Error (os_windows.cpp:3926), pid=11872, tid=1100
#
# JRE version:  (21.0.10) (build )
# Java VM: OpenJDK 64-Bit Server VM (21.0.10+-14961533-b1163.108, mixed mode, sharing, tiered, compressed oops, compressed class ptrs, g1 gc, windows-amd64)
# No core dump will be written. Minidumps are not enabled by default on client versions of Windows
#

---------------  S U M M A R Y ------------

Command Line: -Djava.awt.headless=true -Djava.library.path=C:\Program Files\Android\Android Studio\jbr\bin;C:\Windows\Sun\Java\bin;C:\Windows\system32;C:\Windows;C:\Program Files\Microsoft MPI\Bin\;C:\Program Files\Common Files\Oracle\Java\javapath;C:\Program Files (x86)\Common Files\Oracle\Java\java8path;C:\Program Files (x86)\Common Files\Oracle\Java\javapath;C:\Windows\system32;C:\Windows;C:\Windows\System32\Wbem;C:\Windows\System32\WindowsPowerShell\v1.0\;C:\Windows\System32\OpenSSH\;C:\Program Files (x86)\dotnet\;C:\Program Files\dotnet\;C:\Program Files\Microsoft SQL Server\150\Tools\Binn\;C:\Program Files\Git\cmd;C:\Program Files\Docker\Docker\resources\bin;C:\Program Files\Microsoft MPI\Bin\;C:\Program Files\Common Files\Oracle\Java\javapath;C:\Program Files (x86)\Common Files\Oracle\Java\java8path;C:\Program Files (x86)\Common Files\Oracle\Java\javapath;C:\Windows\system32;C:\Windows;C:\Windows\System32\Wbem;C:\Windows\System32\WindowsPowerShell\v1.0\;C:\Windows\System32\OpenSSH\;C:\Program Files (x86)\dotnet\;C:\Program Files\dotnet\;C:\Program Files\Microsoft SQL Server\150\Tools\Binn\;C:\Program Files\Git\cmd;C:\Program Files\Docker\Docker\resources\bin;C:\Program Files\Microsoft MPI\Bin\;C:\Program Files\Common Files\Oracle\Java\javapath;C:\Program Files (x86)\Common Files\Oracle\Java\java8path;C:\Program Files (x86)\Common Files\Oracle\Java\javapath;C:\Windows\system32;C:\Windows;C:\Windows\System32\Wbem;C:\Windows\System32\WindowsPowerShell\v1.0\;C:\Windows\System32\OpenSSH\;C:\Program Files (x86)\dotnet\;C:\Program Files\dotnet\;C:\Program Files\Microsoft SQL Server\Client SDK\ODBC\170\Tools\Binn\;C:\Program Files (x86)\Microsoft SQL Server\160\Tools\Binn\;C:\Program Files\Microsoft SQL Server\160\Tools\Binn\;C:\Program Files\Microsoft SQL Server\160\DTS\Binn\;C:\Program Files\Microsoft SQL Server\150\Tools\Binn\;C:\Program Files\Git\cmd;C:\Program Files\Docker\Docker\resources\bin;C:\Program Files\Warp\bin;C:\Program Files\MySQL\MySQL Shell 8.0\bin\;C:\Users\USER\AppData\Local\Programs\-Dorg.gradle.internal.worker.tmpdir=C:\Users\USER\Desktop\proyecto\ace-ecosystem\ace-wear\app\build\tmp\testDebugUnitTest\work -XX:+EnableDynamicAgentLoading --add-opens=java.base/java.io=ALL-UNNAMED -Xmx512m -Dfile.encoding=UTF-8 -Duser.country=ES -Duser.language=es -Duser.variant -ea worker.org.gradle.process.internal.worker.GradleWorkerMain 'Gradle Test Executor 4'

Host: Intel(R) Core(TM) i5-6200U CPU @ 2.30GHz, 4 cores, 7G,  Windows 10 , 64 bit Build 19041 (10.0.19041.5915)
Time: Mon Jun 15 23:59:59 2026 Hora est. Pacífico, Sudamérica elapsed time: 0.033501 seconds (0d 0h 0m 0s)

---------------  T H R E A D  ---------------

Current thread (0x000002219a999fd0):  JavaThread "Unknown thread" [_thread_in_vm, id=1100, stack(0x00000099c8400000,0x00000099c8500000) (1024K)]

Stack: [0x00000099c8400000,0x00000099c8500000]
Native frames: (J=compiled Java code, j=interpreted, Vv=VM code, C=native code)
V  [jvm.dll+0x6d78a9]
V  [jvm.dll+0x8665b3]
V  [jvm.dll+0x868bde]
V  [jvm.dll+0x8692c3]
V  [jvm.dll+0x280ee6]
V  [jvm.dll+0x6d4165]
V  [jvm.dll+0x6c77fa]
V  [jvm.dll+0x358f4b]
V  [jvm.dll+0x360bc6]
V  [jvm.dll+0x3b2ea6]
V  [jvm.dll+0x3b3178]
V  [jvm.dll+0x32b65c]
V  [jvm.dll+0x32c34b]
V  [jvm.dll+0x82f449]
V  [jvm.dll+0x3c0078]
V  [jvm.dll+0x8185e8]
V  [jvm.dll+0x45449e]
V  [jvm.dll+0x455c01]
C  [jli.dll+0x52ab]
C  [ucrtbase.dll+0x21bb2]
C  [KERNEL32.DLL+0x17374]
C  [ntdll.dll+0x4cc91]


---------------  P R O C E S S  ---------------

Threads class SMR info:
_java_thread_list=0x00007ffe356db9c8, length=0, elements={
}

Java Threads: ( => current thread )
Total: 0

Other Threads:
  0x000002219a9c4700 WorkerThread "GC Thread#0"                     [id=8784, stack(0x00000099c8500000,0x00000099c8600000) (1024K)]
  0x000002219a9c9600 ConcurrentGCThread "G1 Main Marker"            [id=9068, stack(0x00000099c8600000,0x00000099c8700000) (1024K)]
  0x000002219a9ca190 WorkerThread "G1 Conc#0"                       [id=2896, stack(0x00000099c8700000,0x00000099c8800000) (1024K)]

[error occurred during error reporting (printing all threads), id 0xc0000005, EXCEPTION_ACCESS_VIOLATION (0xc0000005) at pc=0x00007ffe34ece637]
VM state: not at safepoint (not fully initialized)

VM Mutex/Monitor currently owned by a thread:  ([mutex/lock_event])
[0x00007ffe357487d0] Heap_lock - owner thread: 0x000002219a999fd0

Heap address: 0x00000000e0000000, size: 512 MB, Compressed Oops mode: 32-bit

CDS archive(s) mapped at: [0x0000000000000000-0x0000000000000000-0x0000000000000000), size 0, SharedBaseAddress: 0x0000000800000000, ArchiveRelocationMode: 1.
Narrow klass base: 0x0000000000000000, Narrow klass shift: 0, Narrow klass range: 0x0

GC Precious Log:
 CardTable entry size: 512
 Card Set container configuration: InlinePtr #cards 5 size 8 Array Of Cards #cards 12 size 40 Howl #buckets 4 coarsen threshold 1843 Howl Bitmap #cards 512 size 80 coarsen threshold 460 Card regions per heap region 1 cards per card region 2048

Heap:
 garbage-first heap   total 0K, used 0K [0x00000000e0000000, 0x0000000100000000)
  region size 1024K, 0 young (0K), 0 survivors (0K)
 Metaspace       used 0K, committed 0K, reserved 0K
  class space    used 0K, committed 0K, reserved 0K

Heap Regions: E=young(eden), S=young(survivor), O=old, HS=humongous(starts), HC=humongous(continues), CS=collection set, F=free, TAMS=top-at-mark-start, PB=parsable bottom

Card table byte_map: [0x00000221acaf0000,0x00000221acbf0000] _byte_map_base: 0x00000221ac3f0000

Marking Bits: (CMBitMap*) 0x000002219a9c4d20
 Bits: [0x00000221acbf0000, 0x00000221ad3f0000)

GC Heap History (0 events):
No events

Dll operation events (1 events):
Event: 0.019 Loaded shared library C:\Program Files\Android\Android Studio\jbr\bin\java.dll

Deoptimization events (0 events):
No events

Classes loaded (0 events):
No events

Classes unloaded (0 events):
No events

Classes redefined (0 events):
No events

Internal exceptions (0 events):
No events

ZGC Phase Switch (0 events):
No events

VM Operations (0 events):
No events

Memory protections (0 events):
No events

Nmethod flushes (0 events):
No events

Events (0 events):
No events


Dynamic libraries:
0x00007ff6dde20000 - 0x00007ff6dde2a000 	C:\Program Files\Android\Android Studio\jbr\bin\java.exe
0x00007ffe62750000 - 0x00007ffe62948000 	C:\Windows\SYSTEM32\ntdll.dll
0x00007ffe60cb0000 - 0x00007ffe60d72000 	C:\Windows\System32\KERNEL32.DLL
0x00007ffe5fe10000 - 0x00007ffe60106000 	C:\Windows\System32\KERNELBASE.dll
0x00007ffe60230000 - 0x00007ffe60330000 	C:\Windows\System32\ucrtbase.dll
0x00007ffe584b0000 - 0x00007ffe584cb000 	C:\Program Files\Android\Android Studio\jbr\bin\VCRUNTIME140.dll
0x00007ffe396f0000 - 0x00007ffe39708000 	C:\Program Files\Android\Android Studio\jbr\bin\jli.dll
0x00007ffe48a60000 - 0x00007ffe48cfb000 	C:\Windows\WinSxS\amd64_microsoft.windows.common-controls_6595b64144ccf1df_6.0.19041.6456_none_60b8a6cb71f64256\COMCTL32.dll
0x00007ffe620f0000 - 0x00007ffe62291000 	C:\Windows\System32\USER32.dll
0x00007ffe619c0000 - 0x00007ffe61a5e000 	C:\Windows\System32\msvcrt.dll
0x00007ffe60740000 - 0x00007ffe60762000 	C:\Windows\System32\win32u.dll
0x00007ffe61d00000 - 0x00007ffe61d2b000 	C:\Windows\System32\GDI32.dll
0x00007ffe60570000 - 0x00007ffe60689000 	C:\Windows\System32\gdi32full.dll
0x00007ffe60190000 - 0x00007ffe6022d000 	C:\Windows\System32\msvcp_win.dll
0x00007ffe60d80000 - 0x00007ffe60daf000 	C:\Windows\System32\IMM32.DLL
0x00007ffe584a0000 - 0x00007ffe584ac000 	C:\Program Files\Android\Android Studio\jbr\bin\vcruntime140_1.dll
0x00007ffe34a20000 - 0x00007ffe34aad000 	C:\Program Files\Android\Android Studio\jbr\bin\msvcp140.dll
0x00007ffe34b90000 - 0x00007ffe35826000 	C:\Program Files\Android\Android Studio\jbr\bin\server\jvm.dll
0x00007ffe62030000 - 0x00007ffe620e1000 	C:\Windows\System32\ADVAPI32.dll
0x00007ffe60f70000 - 0x00007ffe6100f000 	C:\Windows\System32\sechost.dll
0x00007ffe61f10000 - 0x00007ffe62030000 	C:\Windows\System32\RPCRT4.dll
0x00007ffe5fde0000 - 0x00007ffe5fe07000 	C:\Windows\System32\bcrypt.dll
0x00007ffe61070000 - 0x00007ffe610db000 	C:\Windows\System32\WS2_32.dll
0x00007ffe5f330000 - 0x00007ffe5f37b000 	C:\Windows\SYSTEM32\POWRPROF.dll
0x00007ffe4b600000 - 0x00007ffe4b627000 	C:\Windows\SYSTEM32\WINMM.dll
0x00007ffe50080000 - 0x00007ffe5008a000 	C:\Windows\SYSTEM32\VERSION.dll
0x00007ffe5f1a0000 - 0x00007ffe5f1b2000 	C:\Windows\SYSTEM32\UMPDC.dll
0x00007ffe5dc10000 - 0x00007ffe5dc22000 	C:\Windows\SYSTEM32\kernel.appcore.dll
0x00007ffe45ca0000 - 0x00007ffe45caa000 	C:\Program Files\Android\Android Studio\jbr\bin\jimage.dll
0x00007ffe4be90000 - 0x00007ffe4c091000 	C:\Windows\SYSTEM32\DBGHELP.DLL
0x00007ffe4b5b0000 - 0x00007ffe4b5e4000 	C:\Windows\SYSTEM32\dbgcore.DLL
0x00007ffe604e0000 - 0x00007ffe60562000 	C:\Windows\System32\bcryptPrimitives.dll
0x00007ffe3ec50000 - 0x00007ffe3ec70000 	C:\Program Files\Android\Android Studio\jbr\bin\java.dll

JVMTI agents: none

dbghelp: loaded successfully - version: 4.0.5 - missing functions: none
symbol engine: initialized successfully - sym options: 0x614 - pdb path: .;C:\Program Files\Android\Android Studio\jbr\bin;C:\Windows\SYSTEM32;C:\Windows\WinSxS\amd64_microsoft.windows.common-controls_6595b64144ccf1df_6.0.19041.6456_none_60b8a6cb71f64256;C:\Program Files\Android\Android Studio\jbr\bin\server

VM Arguments:
jvm_args: -Djava.awt.headless=true -Djava.library.path=C:\Program Files\Android\Android Studio\jbr\bin;C:\Windows\Sun\Java\bin;C:\Windows\system32;C:\Windows;C:\Program Files\Microsoft MPI\Bin\;C:\Program Files\Common Files\Oracle\Java\javapath;C:\Program Files (x86)\Common Files\Oracle\Java\java8path;C:\Program Files (x86)\Common Files\Oracle\Java\javapath;C:\Windows\system32;C:\Windows;C:\Windows\System32\Wbem;C:\Windows\System32\WindowsPowerShell\v1.0\;C:\Windows\System32\OpenSSH\;C:\Program Files (x86)\dotnet\;C:\Program Files\dotnet\;C:\Program Files\Microsoft SQL Server\150\Tools\Binn\;C:\Program Files\Git\cmd;C:\Program Files\Docker\Docker\resources\bin;C:\Program Files\Microsoft MPI\Bin\;C:\Program Files\Common Files\Oracle\Java\javapath;C:\Program Files (x86)\Common Files\Oracle\Java\java8path;C:\Program Files (x86)\Common Files\Oracle\Java\javapath;C:\Windows\system32;C:\Windows;C:\Windows\System32\Wbem;C:\Windows\System32\WindowsPowerShell\v1.0\;C:\Windows\System32\OpenSSH\;C:\Program Files (x86)\dotnet\;C:\Program Files\dotnet\;C:\Program Files\Microsoft SQL Server\150\Tools\Binn\;C:\Program Files\Git\cmd;C:\Program Files\Docker\Docker\resources\bin;C:\Program Files\Microsoft MPI\Bin\;C:\Program Files\Common Files\Oracle\Java\javapath;C:\Program Files (x86)\Common Files\Oracle\Java\java8path;C:\Program Files (x86)\Common Files\Oracle\Java\javapath;C:\Windows\system32;C:\Windows;C:\Windows\System32\Wbem;C:\Windows\System32\WindowsPowerShell\v1.0\;C:\Windows\System32\OpenSSH\;C:\Program Files (x86)\dotnet\;C:\Program Files\dotnet\;C:\Program Files\Microsoft SQL Server\Client SDK\ODBC\170\Tools\Binn\;C:\Program Files (x86)\Microsoft SQL Server\160\Tools\Binn\;C:\Program Files\Microsoft SQL Server\160\Tools\Binn\;C:\Program Files\Microsoft SQL Server\160\DTS\Binn\;C:\Program Files\Microsoft SQL Server\150\Tools\Binn\;C:\Program Files\Git\cmd;C:\Program Files\Docker\Docker\resources\bin;C:\Program Files\Warp\bin;C:\Program Files\MySQL\MySQL Shell 8.0\bin\;C:\Users\USER\AppData\Local\Programs\-Dorg.gradle.internal.worker.tmpdir=C:\Users\USER\Desktop\proyecto\ace-ecosystem\ace-wear\app\build\tmp\testDebugUnitTest\work -XX:+EnableDynamicAgentLoading --add-opens=java.base/java.io=ALL-UNNAMED -Xmx512m -Dfile.encoding=UTF-8 -Duser.country=ES -Duser.language=es -Duser.variant -ea 
java_command: worker.org.gradle.process.internal.worker.GradleWorkerMain 'Gradle Test Executor 4'
java_class_path (initial): C:\\Users\\USER\\.gradle\\caches\\9.2.1\\workerMain\\gradle-worker.jar;C:\\Users\\USER\\Desktop\\proyecto\\ace-ecosystem\\ace-wear\\app\\build\\intermediates\\classes\\debugUnitTest\\transformDebugUnitTestClassesWithAsm\\dirs;C:\\Users\\USER\\Desktop\\proyecto\\ace-ecosystem\\ace-wear\\app\\build\\intermediates\\java_res\\debugUnitTest\\processDebugUnitTestJavaRes\\out;C:\\Users\\USER\\Desktop\\proyecto\\ace-ecosystem\\ace-wear\\app\\build\\intermediates\\runtime_app_classes_jar\\debug\\bundleDebugClassesToRuntimeJar\\classes.jar;C:\\Users\\USER\\.gradle\\caches\\modules-2\\files-2.1\\io.mockk\\mockk-jvm\\1.13.12\\e2d23511ae297711fd03a46fbe0f718b07f5436e\\mockk-jvm-1.13.12.jar;C:\\Users\\USER\\.gradle\\caches\\modules-2\\files-2.1\\junit\\junit\\4.13.2\\8ac9e16d933b6fb43bc7f576336b8f4d7eb5ba12\\junit-4.13.2.jar;C:\\Users\\USER\\.gradle\\caches\\9.2.1\\transforms\\636b81494c172f1f8e56f0af67061880\\workspace\\transformed\\compose-material-core-1.6.2-runtime.jar;C:\\Users\\USER\\.gradle\\caches\\9.2.1\\transforms\\5019a79aa16bbf6dea3fe6ed06077035\\workspace\\transformed\\compose-material-1.6.2-runtime.jar;C:\\Users\\USER\\.gradle\\caches\\9.2.1\\transforms\\fd299851914bd7cbffeaf9f0d38e8a9b\\workspace\\transformed\\compose-foundation-1.6.2-runtime.jar;C:\\Users\\USER\\.gradle\\caches\\9.2.1\\transforms\\14efdef593e535e2380ca09b8508dd98\\workspace\\transformed\\hilt-android-2.59.2-runtime.jar;C:\\Users\\USER\\.gradle\\caches\\9.2.1\\transforms\\3c217dd08aa219516caa36ee4bdce7d8\\workspace\\transformed\\wear-1.3.0-runtime.jar;C:\\Users\\USER\\.gradle\\caches\\9.2.1\\transforms\\fb3e35a723895b5f019dac3c954c1573\\workspace\\transformed\\play-services-wearable-18.2.0-runtime.jar;C:\\Users\\USER\\.gradle\\caches\\9.2.1\\transforms\\c217a43af361ba546ccf81972ce66c36\\workspace\\transformed\\play-services-base-18.5.0-runtime.jar;C:\\Users\\USER\\.gradle\\caches\\modules-2\\files-2.1\\org.jetbrains.kotlinx\\kotlinx-coroutines-play-services\\1.9.0\\9d715295c29dddf8c381565c513fb2d9923f9f41\\kotlinx-coroutines-play-services-1.9.0.jar;C:\\Users\\USER\\.gradle\\caches\\9.2.1\\transforms\\35839475dd021c15f0ef62805a9faadd\\workspace\\transformed\\play-services-tasks-18.2.0-runtime.jar;C:\\Users\\USER\\.gradle\\caches\\9.2.1\\transforms\\727bf115d7c1f595512a5aca4bea7a1c\\workspace\\transformed\\play-services-basement-18.4.0-runtime.jar;C:\\Users\\USER\\.gradle\\caches\\9.2.1\\transforms\\6a4c3752079889ed073660570bcf0ab8\\workspace\\transformed\\fragment-1.5.1-runtime.jar;C:\\Users\\USER\\.gradle\\caches\\9.2.1\\transforms\\1fea435676db1cfa939027583cf4cc43\\workspace\\transformed\\activity-ktx-1.13.0-runtime.jar;C:\\Users\\USER\\.gradle\\caches\\9.2.1\\transforms\\2b1ecd51bf523f368fca4716b911a559\\workspace\\transformed\\activity-1.13.0-runtime.jar;C:\\Users\\USER\\.gradle\\caches\\9.2.1\\transforms\\2cd651597eab293b655f05cfeefcee60\\workspace\\transformed\\material3-runtime.jar;C:\\Users\\USER\\.gradle\\caches\\9.2.1\\transforms\\584126fcfaf9b8186fc007229c0fd2ae\\workspace\\transformed\\material-ripple-runtime.jar;C:\\Users\\USER\\.gradle\\caches\\9.2.1\\transforms\\d2507339da1ebc62a9c2cbc34145610c\\workspace\\transformed\\animation-core-runtime.jar;C:\\Users\\USER\\.gradle\\caches\\9.2.1\\transforms\\4ad3144c7866a72e9f924fd26013393d\\workspace\\transformed\\animation-runtime.jar;C:\\Users\\USER\\.gradle\\caches\\9.2.1\\transforms\\7e7a2c6a1b5506964e35882021e5e67a\\workspace\\transformed\\foundation-layout-runtime.jar;C:\\Users\\USER\\.gradle\\caches\\9.2.1\\transforms\\4ca47308557c5d3ebd26ff82e312865c\\workspace\\transformed\\foundation-runtime.jar;C:\\Users\\USER\\.gradle\\caches\\9.2.1\\transforms\\187737066dd536063a8fafcd48c61dac\\workspace\\transformed\\ui-tooling-data-runtime.jar;C:\\Users\\USER\\.gradle\\caches\\9.2.1\\transforms\\b82d7c87cbb8c5d4521b76a235684458\\workspace\\transformed\\ui-unit-runtime.jar;C:\\Users\\USER\\.gradle\\caches\\9.2.1\\transforms\\9f1903c66eafea347594efc96a8e963f\\workspace\\transformed\\ui-geometry-runtime.jar;C:\\Users\\USER\\.gradle\\caches\\9.2.1\\transforms\\a2b1cddb6ede759940e06f69e104f5d0\\workspace\\transformed\\ui-text-runtime.jar;C:\\Users\\USER\\.gradle\\caches\\9.2.1\\transforms\\4c021a8462538f5b3e9a205b3c58692b\\workspace\\transformed\\ui-util-runtime.jar;C:\\Users\\USER\\.gradle\\caches\\9.2.1\\transforms\\60fd60eaac46862d7ab034a2760c0d42\\workspace\\transformed\\ui-tooling-preview-runtime.jar;C:\\Users\\USER\\.gradle\\caches\\9.2.1\\transforms\\a980875ca155c1b1413bbf19de72981d\\workspace\\transformed\\ui-graphics-runtime.jar;C:\\Users\\USER\\.gradle\\caches\\9.2.1\\transforms\\3aa3418eea6cb32cd112b7af661e0eb2\\workspace\\transformed\\ui-tooling-runtime.jar;C:\\Users\\USER\\.gradle\\caches\\9.2.1\\transforms\\f4f8bc5bfdafde511bf5f6bf67aecd72\\workspace\\transformed\\activity-compose-1.13.0-runtime.jar;C:\\Users\\USER\\.gradle\\caches\\9.2.1\\transforms\\850bf161483ec2e404dff11319a05db0\\workspace\\transformed\\material-icons-core-release-runtime.jar;C:\\Users\\USER\\.gradle\\caches\\9.2.1\\transforms\\91a15d7f60e2eab388daf85e49683efb\\workspace\\transformed\\navigationevent-runtime.jar;C:\\Users\\USER\\.gradle\\caches\\9.2.1\\transforms\\74826ee3c5c7ca2afbfa8ff0bea154ea\\workspace\\transformed\\navigationevent-compose-runtime.jar;C:\\Users\\USER\\.gradle\\caches\\9.2.1\\transforms\\a38a7bdf4f5cda5a8c60cbfb1ee4f560\\workspace\\transformed\\ui-runtime.jar;C:\\Users\\USER\\.gradle\\caches\\9.2.1\\transforms\\38db7cdeddc1a406c5aa05143cf620bb\\workspace\\transformed\\transition-1.6.0-runtime.jar;C:\\Users\\USER\\.gradle\\caches\\9.2.1\\transforms\\254e458cbabe729138171036a1cd18df\\workspace\\transformed\\dynamicanimation-1.0.0-runtime.jar;C:\\Users\\USER\\.gradle\\caches\\9.2.1\\transforms\\258dcb3921928478e6e02edd53daa632\\workspace\\transformed\\recyclerview-1.1.0-runtime.jar;C:\\Users\\USER\\.gradle\\caches\\9.2.1\\transforms\\8c208b4c0c60605b3a57e0322afc3499\\workspace\\transformed\\swiperefreshlayout-1.0.0-runtime.jar;C:\\Users\\USER\\.gradle\\caches\\9.2.1\\transforms\\b55cabb3f152a63d2f10bae74e902833\\workspace\\transformed\\health-services-client-1.0.0-runtime.jar;C:\\Users\\USER\\.gradle\\caches\\9.2.1\\transforms\\087a3e7221ce4867e66aa1de0ad1aa8b\\workspace\\transformed\\customview-poolingcontainer-1.0.0-runtime.jar;C:\\Users\\USER\\.gradle\\caches\\9.2.1\\transforms\\8926f772fa70dad0589811209cf31835\\workspace\\transformed\\legacy-support-core-utils-1.0.0-runtime.jar;C:\\Users\\USER\\.gradle\\caches\\9.2.1\\transforms\\4ebb8dd9c180ab00713eadecda850bfc\\workspace\\transformed\\loader-1.0.0-runtime.jar;C:\\Users\\USER\\.gradle\\caches\\9.2.1\\transforms\\40f1062ad923872ab9134b528f0c2009\\workspace\\transformed\\emoji2-1.4.0-runtime.jar;C:\\Users\\USER\\.gradle\\caches\\modules-2\\files-2.1\\androidx.lifecycle\\lifecycle-common-java8\\2.9.4\\86a8e6b9d0ba0c964fdc7223a38b6ce74bcb24dd\\lifecycle-common-java8-2.9.4.jar;C:\\Users\\USER\\.gradle\\caches\\9.2.1\\transforms\\9df44c10f3fe86ef8b8012c97eff1112\\workspace\\transformed\\lifecycle-runtime-ktx-runtime.jar;C:\\Users\\USER\\.gradle\\caches\\9.2.1\\transforms\\411c2814644576c5f0df60b1ee9b8ca0\\workspace\\transformed\\lifecycle-livedata-core-ktx-2.9.4-runtime.jar;C:\\Users\\USER\\.gradle\\caches\\9.2.1\\transforms\\fec5023c6a2d214624972232033a6789\\workspace\\transformed\\lifecycle-process-2.9.4-runtime.jar;C:\\Users\\USER\\.gradle\\caches\\9.2.1\\transforms\\f8d9be464212f3cee75d5d391a74c4d8\\workspace\\transformed\\lifecycle-viewmodel-ktx-2.9.4-runtime.jar;C:\\Users\\USER\\.gradle\\caches\\9.2.1\\transforms\\391228a897da334c8eeae24d44f98b35\\workspace\\transformed\\lifecycle-service-2.9.4-runtime.jar;C:\\Users\\USER\\.gradle\\caches\\9.2.1\\transforms\\bd4ae2340401e6bcc9d6e74a951a0746\\workspace\\transformed\\lifecycle-livedata-core-2.9.4-runtime.jar;C:\\Users\\USER\\.gradle\\caches\\9.2.1\\transforms\\a50e685bea41971758b96f71cda99210\\workspace\\transformed\\lifecycle-livedata-2.9.4-runtime.jar;C:\\Users\\USER\\.gradle\\caches\\9.2.1\\transforms\\8b1e700752d3a76bf14696c0de48a63d\\workspace\\transformed\\lifecycle-viewmodel-2.9.4-runtime.jar;C:\\Users\\USER\\.gradle\\caches\\9.2.1\\transforms\\8444f77bd3d414eae092e5aedb626573\\workspace\\transformed\\lifecycle-viewmodel-release-runtime.jar;C:\\Users\\USER\\.gradle\\caches\\9.2.1\\transforms\\d1a5a3da59853746e4dcf64eb23a9de6\\workspace\\transformed\\lifecycle-runtime-release-runtime.jar;C:\\Users\\USER\\.gradle\\caches\\9.2.1\\transforms\\35683c5f9c194f2aee0d8e2fedb45618\\workspace\\transformed\\lifecycle-viewmodel-savedstate-release-runtime.jar;C:\\Users\\USER\\.gradle\\caches\\9.2.1\\transforms\\bd05e1a7f1f04cc0114c24ffd3d5a0bc\\workspace\\transformed\\runtime-annotation-runtime.jar;C:\\Users\\USER\\.gradle\\caches\\9.2.1\\transforms\\5de88a3a7f9a8f869d99b08b750497b9\\workspace\\transformed\\runtime-retain-runtime.jar;C:\\Users\\USER\\.gradle\\caches\\9.2.1\\transforms\\c897991b935bf1300345e7bf2dd9d05d\\workspace\\transformed\\runtime-saveable-runtime.jar;C:\\Users\\USER\\.gradle\\caches\\9.2.1\\transforms\\a0ce0582034826ee8115d48c9446ef2b\\workspace\\transformed\\savedstate-release-runtime.jar;C:\\Users\\USER\\.gradle\\caches\\9.2.1\\transforms\\966f7d914036f3892afb1e18113cf2fc\\workspace\\transformed\\savedstate-ktx-1.3.2-runtime.jar;C:\\Users\\USER\\.gradle\\caches\\9.2.1\\transforms\\11fabde15e4474c4bead5de3b117bafb\\workspace\\transformed\\savedstate-compose-runtime.jar;C:\\Users\\USER\\.gradle\\caches\\9.2.1\\transforms\\49d84f374b5c5f3ef6ff91758b583d84\\workspace\\transformed\\core-ktx-1.18.0-runtime.jar;C:\\Users\\USER\\.gradle\\caches\\9.2.1\\transforms\\18c4c7f841bcbb516d58df48c418869a\\workspace\\transformed\\core-splashscreen-1.2.0-runtime.jar;C:\\Users\\USER\\.gradle\\caches\\9.2.1\\transforms\\669623e68df3d43d8b118b99ba514cb8\\workspace\\transformed\\appcompat-resources-1.7.0-runtime.jar;C:\\Users\\USER\\.gradle\\caches\\9.2.1\\transforms\\87ce715b96728ceb911a1d6dc1bff3ab\\workspace\\transformed\\viewpager-1.0.0-runtime.jar;C:\\Users\\USER\\.gradle\\caches\\9.2.1\\transforms\\13e90d415673cf9b7ec07e8d2d4fe195\\workspace\\transformed\\customview-1.0.0-runtime.jar;C:\\Users\\USER\\.gradle\\caches\\9.2.1\\transforms\\89838bae93b044e48eea7b14ce5fce02\\workspace\\transformed\\vectordrawable-animated-1.1.0-runtime.jar;C:\\Users\\USER\\.gradle\\caches\\9.2.1\\transforms\\031f113ba504ce7afb3908a34f478e6a\\workspace\\transformed\\vectordrawable-1.1.0-runtime.jar;C:\\Users\\USER\\.gradle\\caches\\9.2.1\\transforms\\15ee157313d7b9c5b5affb23d9625b75\\workspace\\transformed\\autofill-1.0.0-runtime.jar;C:\\Users\\USER\\.gradle\\caches\\9.2.1\\transforms\\48caff40e40141a9957d1721a6c17a9a\\workspace\\transformed\\window-core-runtime.jar;C:\\Users\\USER\\.gradle\\caches\\9.2.1\\transforms\\59a2090a7feba532d3b834eb91cde233\\workspace\\transformed\\window-1.5.0-runtime.jar;C:\\Users\\USER\\.gradle\\caches\\9.2.1\\transforms\\aa4bebecddbcdc1c6033f7290b4bdae9\\workspace\\transformed\\graphics-path-1.0.1-runtime.jar;C:\\Users\\USER\\.gradle\\caches\\9.2.1\\transforms\\bc4dba5f624d186ee914e3c12980be0d\\workspace\\transformed\\core-1.18.0-runtime.jar;C:\\Users\\USER\\.gradle\\caches\\modules-2\\files-2.1\\androidx.lifecycle\\lifecycle-common-jvm\\2.9.4\\ab739bccdb3541983385af169565c7c035d897e7\\lifecycle-common-jvm-2.9.4.jar;C:\\Users\\USER\\.gradle\\caches\\9.2.1\\transforms\\486da192b77cacd5c27dcb9f9d16c56a\\workspace\\transformed\\lifecycle-runtime-compose-release-runtime.jar;C:\\Users\\USER\\.gradle\\caches\\9.2.1\\transforms\\1dc364acb9da4e88d7d62bfc275abbc9\\workspace\\transformed\\runtime-runtime.jar;C:\\Users\\USER\\.gradle\\caches\\modules-2\\files-2.1\\org.jetbrains.kotlinx\\kotlinx-coroutines-android\\1.9.0\\6cf3b8df5a2ce8c6b0dffe55657a827c405ee2fe\\kotlinx-coroutines-android-1.9.0.jar;C:\\Users\\USER\\.gradle\\caches\\modules-2\\files-2.1\\org.jetbrains.kotlinx\\kotlinx-coroutines-test-jvm\\1.9.0\\7227c0691a604e2b32f525b628014dda862d0eed\\kotlinx-coroutines-test-jvm-1.9.0.jar;C:\\Users\\USER\\.gradle\\caches\\modules-2\\files-2.1\\androidx.concurrent\\concurrent-futures-ktx\\1.1.0\\b4c245baf36d1a9e7defaf3be84f7a2ad4e1c797\\concurrent-futures-ktx-1.1.0.jar;C:\\Users\\USER\\.gradle\\caches\\modules-2\\files-2.1\\io.mockk\\mockk-dsl-jvm\\1.13.12\\c0fc097d96f8a76fe7fd195f91b2f96d75739609\\mockk-dsl-jvm-1.13.12.jar;C:\\Users\\USER\\.gradle\\caches\\modules-2\\files-2.1\\org.jetbrains.kotlinx\\kotlinx-coroutines-core-jvm\\1.9.0\\9beade4c1c1569e4f36cbd2c37e02e3e41502601\\kotlinx-coroutines-core-jvm-1.9.0.jar;C:\\Users\\USER\\.gradle\\caches\\modules-2\\files-2.1\\org.mockito.kotlin\\mockito-kotlin\\5.4.0\\d2be6a10761fdc7ba5c4277b29054bb639cab0ca\\mockito-kotlin-5.4.0.jar;C:\\Users\\USER\\.gradle\\caches\\modules-2\\files-2.1\\com.github.reinaldojperalta\\ace-shared\\1.0.3\\68b092144fe4b9b78dc1b2963911ace749fc96ba\\ace-shared-1.0.3.jar;C:\\Users\\USER\\.gradle\\caches\\9.2.1\\transforms\\2c87a9ef39e0568059e5d7d87e9dc5e2\\workspace\\transformed\\wear-tooling-preview-1.0.0-runtime.jar;C:\\Users\\USER\\.gradle\\caches\\modules-2\\files-2.1\\io.mockk\\mockk-agent-jvm\\1.13.12\\58dd7d1c0e9726d16a7d6f15f38f436d84c9d360\\mockk-agent-jvm-1.13.12.jar;C:\\Users\\USER\\.gradle\\caches\\modules-2\\files-2.1\\io.mockk\\mockk-core-jvm\\1.13.12\\37d5fb596d2a3560f960e5e5bdd2f4d86a45bfe9\\mockk-core-jvm-1.13.12.jar;C:\\Users\\USER\\.gradle\\caches\\modules-2\\files-2.1\\org.jetbrains.kotlin\\kotlin-reflect\\2.0.0\\9c3d75110945233bf77d2e1a90604b100884db94\\kotlin-reflect-2.0.0.jar;C:\\Users\\USER\\.gradle\\caches\\modules-2\\files-2.1\\org.jetbrains.kotlinx\\kotlinx-serialization-core-jvm\\1.8.0\\fe5bb37ab4a3771f14c63e0c333c98bdfeb1d7cc\\kotlinx-serialization-core-jvm-1.8.0.jar;C:\\Users\\USER\\.gradle\\caches\\modules-2\\files-2.1\\org.jetbrains.kotlinx\\kotlinx-serialization-json-jvm\\1.8.0\\8253bf6e8c713a3dace54493a838e0f8fd3e08fa\\kotlinx-serialization-json-jvm-1.8.0.jar;C:\\Users\\USER\\.gradle\\caches\\9.2.1\\transforms\\41739f0ce53f0ec274f74a14ef8286d4\\workspace\\transformed\\core-viewtree-1.0.0-runtime.jar;C:\\Users\\USER\\.gradle\\caches\\modules-2\\files-2.1\\io.mockk\\mockk-agent-api-jvm\\1.13.12\\2149adf5a1d176fe0bbcfb8b19c92662401453b4\\mockk-agent-api-jvm-1.13.12.jar;C:\\Users\\USER\\.gradle\\caches\\9.2.1\\transforms\\8e67f6f2dbd5d9e3d3f2b2ebfbcb7a97\\workspace\\transformed\\annotation-experimental-1.4.1-runtime.jar;C:\\Users\\USER\\.gradle\\caches\\9.2.1\\transforms\\232cb5def5e38c98b98e173014c21ad9\\workspace\\transformed\\versionedparcelable-1.1.1-runtime.jar;C:\\Users\\USER\\.gradle\\caches\\modules-2\\files-2.1\\androidx.collection\\collection-ktx\\1.5.0\\27c78a926a16a1bf792b2285cf2834e8caae4a07\\collection-ktx-1.5.0.jar;C:\\Users\\USER\\.gradle\\caches\\modules-2\\files-2.1\\androidx.collection\\collection-jvm\\1.5.0\\7ba2c69414d46ebc2dd76598bdd0a75c54281a57\\collection-jvm-1.5.0.jar;C:\\Users\\USER\\.gradle\\caches\\9.2.1\\transforms\\d344e03d53a328463e2d15eef1b45604\\workspace\\transformed\\profileinstaller-1.4.0-runtime.jar;C:\\Users\\USER\\.gradle\\caches\\9.2.1\\transforms\\4c51e929461a6e66355d6123ff5e7923\\workspace\\transformed\\interpolator-1.0.0-runtime.jar;C:\\Users\\USER\\.gradle\\caches\\modules-2\\files-2.1\\androidx.concurrent\\concurrent-futures\\1.1.0\\50b7fb98350d5f42a4e49704b03278542293ba48\\concurrent-futures-1.1.0.jar;C:\\Users\\USER\\.gradle\\caches\\9.2.1\\transforms\\aceb1c5fb3e85df3f33154d90775c389\\workspace\\transformed\\startup-runtime-1.1.1-runtime.jar;C:\\Users\\USER\\.gradle\\caches\\9.2.1\\transforms\\b6ed1e2b36cb40160d77b3b5ca2bf588\\workspace\\transformed\\documentfile-1.0.0-runtime.jar;C:\\Users\\USER\\.gradle\\caches\\9.2.1\\transforms\\0f6f08567cdeaa593c4f73b0f8c0ce6e\\workspace\\transformed\\localbroadcastmanager-1.0.0-runtime.jar;C:\\Users\\USER\\.gradle\\caches\\9.2.1\\transforms\\705b8a16764d994324d2cc82d043086a\\workspace\\transformed\\print-1.0.0-runtime.jar;C:\\Users\\USER\\.gradle\\caches\\9.2.1\\transforms\\bc757f2307bc74f028c33705d61bef93\\workspace\\transformed\\core-runtime-2.2.0-runtime.jar;C:\\Users\\USER\\.gradle\\caches\\modules-2\\files-2.1\\androidx.arch.core\\core-common\\2.2.0\\5e1b8b81dfd5f52c56a8d53b18ca759c19a301f3\\core-common-2.2.0.jar;C:\\Users\\USER\\.gradle\\caches\\9.2.1\\transforms\\023bee9f24de09f609b44765e6aba02a\\workspace\\transformed\\tracing-1.2.0-runtime.jar;C:\\Users\\USER\\.gradle\\caches\\modules-2\\files-2.1\\androidx.annotation\\annotation-jvm\\1.9.1\\b17951747e38bf3986a24431b9ba0d039958aa5f\\annotation-jvm-1.9.1.jar;C:\\Users\\USER\\.gradle\\caches\\modules-2\\files-2.1\\org.jetbrains.kotlin\\kotlin-stdlib\\2.2.21\\fa374a986e128314c3db00a20aae55f72a258511\\kotlin-stdlib-2.2.21.jar;C:\\Users\\USER\\.gradle\\caches\\modules-2\\files-2.1\\org.hamcrest\\hamcrest-core\\1.3\\42a25dc3219429f0e5d060061f71acb49bf010a0\\hamcrest-core-1.3.jar;C:\\Users\\USER\\.gradle\\caches\\modules-2\\files-2.1\\org.mockito\\mockito-core\\5.12.0\\22f8bbaf478e6789164787fa411a3b5ed986e110\\mockito-core-5.12.0.jar;C:\\Users\\USER\\.gradle\\caches\\modules-2\\files-2.1\\com.google.code.gson\\gson\\2.11.0\\527175ca6d81050b53bdd4c457a6d6e017626b0e\\gson-2.11.0.jar;C:\\Users\\USER\\.gradle\\caches\\modules-2\\files-2.1\\com.google.guava\\guava\\31.1-android\\9222c47cc3ae890f07f7c961bbb3cb69050fe4aa\\guava-31.1-android.jar;C:\\Users\\USER\\.gradle\\caches\\modules-2\\files-2.1\\com.google.guava\\listenablefuture\\9999.0-empty-to-avoid-conflict-with-guava\\b421526c5f297295adef1c886e5246c39d4ac629\\listenablefuture-9999.0-empty-to-avoid-conflict-with-guava.jar;C:\\Users\\USER\\.gradle\\caches\\modules-2\\files-2.1\\com.google.protobuf\\protobuf-javalite\\3.21.8\\20b7f741c1fddffbf03e8862a08272b1af1e6232\\protobuf-javalite-3.21.8.jar;C:\\Users\\USER\\.gradle\\caches\\modules-2\\files-2.1\\com.google.dagger\\hilt-core\\2.59.2\\cda9f5ad96a46b544461de23c8d9bbf325db59b2\\hilt-core-2.59.2.jar;C:\\Users\\USER\\.gradle\\caches\\modules-2\\files-2.1\\com.google.dagger\\dagger\\2.59.2\\2055356a898b7e4bdd24d15640185241e7cffb9a\\dagger-2.59.2.jar;C:\\Users\\USER\\.gradle\\caches\\9.2.1\\transforms\\8fee87f93dab6b3cc17192bcfe8e9d49\\workspace\\transformed\\dagger-lint-aar-2.59.2-runtime.jar;C:\\Users\\USER\\.gradle\\caches\\modules-2\\files-2.1\\com.google.code.findbugs\\jsr305\\3.0.2\\25ea2e8b0c338a877313bd4672d3fe056ea78f0d\\jsr305-3.0.2.jar;C:\\Users\\USER\\.gradle\\caches\\modules-2\\files-2.1\\javax.inject\\javax.inject\\1\\6975da39a7040257bd51d21a231b76c915872d38\\javax.inject-1.jar;C:\\Users\\USER\\.gradle\\caches\\modules-2\\files-2.1\\org.junit.jupiter\\junit-jupiter-params\\5.8.2\\ddeafe92fc263f895bfb73ffeca7fd56e23c2cce\\junit-jupiter-params-5.8.2.jar;C:\\Users\\USER\\.gradle\\caches\\modules-2\\files-2.1\\org.junit.jupiter\\junit-jupiter-engine\\5.8.2\\c598b4328d2f397194d11df3b1648d68d7d990e3\\junit-jupiter-engine-5.8.2.jar;C:\\Users\\USER\\.gradle\\caches\\modules-2\\files-2.1\\org.junit.jupiter\\junit-jupiter-api\\5.8.2\\4c21029217adf07e4c0d0c5e192b6bf610c94bdc\\junit-jupiter-api-5.8.2.jar;C:\\Users\\USER\\.gradle\\caches\\modules-2\\files-2.1\\org.junit.platform\\junit-platform-engine\\1.8.2\\b737de09f19864bd136805c84df7999a142fec29\\junit-platform-engine-1.8.2.jar;C:\\Users\\USER\\.gradle\\caches\\modules-2\\files-2.1\\org.junit.platform\\junit-platform-commons\\1.8.2\\32c8b8617c1342376fd5af2053da6410d8866861\\junit-platform-commons-1.8.2.jar;C:\\Users\\USER\\.gradle\\caches\\modules-2\\files-2.1\\org.junit.jupiter\\junit-jupiter\\5.8.2\\5a817b1e63f1217e5c586090c45e681281f097ad\\junit-jupiter-5.8.2.jar;C:\\Users\\USER\\.gradle\\caches\\modules-2\\files-2.1\\org.jetbrains\\annotations\\23.0.0\\8cc20c07506ec18e0834947b84a864bfc094484e\\annotations-23.0.0.jar;C:\\Users\\USER\\.gradle\\caches\\modules-2\\files-2.1\\net.bytebuddy\\byte-buddy\\1.14.17\\a8d08f3c1e75ecc7f38a8cfd7e9fa47919096373\\byte-buddy-1.14.17.jar;C:\\Users\\USER\\.gradle\\caches\\modules-2\\files-2.1\\net.bytebuddy\\byte-buddy-agent\\1.14.17\\e3c251a39dc90badaf71c83427ba46840f219d8d\\byte-buddy-agent-1.14.17.jar;C:\\Users\\USER\\.gradle\\caches\\modules-2\\files-2.1\\org.objenesis\\objenesis\\3.3\\1049c09f1de4331e8193e579448d0916d75b7631\\objenesis-3.3.jar;C:\\Users\\USER\\.gradle\\caches\\modules-2\\files-2.1\\com.google.errorprone\\error_prone_annotations\\2.27.0\\91b2c29d8a6148b5e2e4930f070d4840e2e48e34\\error_prone_annotations-2.27.0.jar;C:\\Users\\USER\\.gradle\\caches\\modules-2\\files-2.1\\com.google.guava\\failureaccess\\1.0.1\\1dcf1de382a0bf95a3d8b0849546c88bac1292c9\\failureaccess-1.0.1.jar;C:\\Users\\USER\\.gradle\\caches\\modules-2\\files-2.1\\org.checkerframework\\checker-qual\\3.12.0\\d5692f0526415fcc6de94bb5bfbd3afd9dd3b3e5\\checker-qual-3.12.0.jar;C:\\Users\\USER\\.gradle\\caches\\modules-2\\files-2.1\\com.google.j2objc\\j2objc-annotations\\1.3\\ba035118bc8bac37d7eff77700720999acd9986d\\j2objc-annotations-1.3.jar;C:\\Users\\USER\\.gradle\\caches\\modules-2\\files-2.1\\jakarta.inject\\jakarta.inject-api\\2.0.1\\4c28afe1991a941d7702fe1362c365f0a8641d1e\\jakarta.inject-api-2.0.1.jar;C:\\Users\\USER\\.gradle\\caches\\modules-2\\files-2.1\\org.jspecify\\jspecify\\1.0.0\\7425a601c1c7ec76645a78d22b8c6a627edee507\\jspecify-1.0.0.jar;C:\\Users\\USER\\.gradle\\caches\\modules-2\\files-2.1\\org.opentest4j\\opentest4j\\1.2.0\\28c11eb91f9b6d8e200631d46e20a7f407f2a046\\opentest4j-1.2.0.jar;C:\\Users\\USER\\Desktop\\proyecto\\ace-ecosystem\\ace-wear\\app\\build\\intermediates\\java_res\\debug\\processDebugJavaRes\\out;C:\\Users\\USER\\.gradle\\caches\\9.2.1\\transforms\\6e20234f870072c79fe4f9d2ee866872\\workspace\\transformed\\compose-material-core-1.6.2\\jars\\classes.jar;C:\\Users\\USER\\.gradle\\caches\\9.2.1\\transforms\\39c6efc4991c3d5e976a7c4fb86c5d40\\workspace\\transformed\\compose-material-1.6.2\\jars\\classes.jar;C:\\Users\\USER\\.gradle\\caches\\9.2.1\\transforms\\af7203acd37c0f8ea4afe6c937d33cca\\workspace\\transformed\\compose-foundation-1.6.2\\jars\\classes.jar;C:\\Users\\USER\\.gradle\\caches\\9.2.1\\transforms\\b46f6c0e006614dce553a4fcb77ef4c8\\workspace\\transformed\\hilt-android-2.59.2\\jars\\classes.jar;C:\\Users\\USER\\.gradle\\caches\\9.2.1\\transforms\\bd7202bb5495a0ab3eae0352d30e3308\\workspace\\transformed\\wear-1.3.0\\jars\\classes.jar;C:\\Users\\USER\\.gradle\\caches\\9.2.1\\transforms\\e620cd7418ffac3cd5c23fa4302ec3ea\\workspace\\transformed\\play-services-wearable-18.2.0\\jars\\classes.jar;C:\\Users\\USER\\.gradle\\caches\\9.2.1\\transforms\\3ed8682a404f416121d8e9fe83cfb2e7\\workspace\\transformed\\play-services-base-18.5.0\\jars\\classes.jar;C:\\Users\\USER\\.gradle\\caches\\9.2.1\\transforms\\ee69d5344e134d36cb3d1dffef296184\\workspace\\transformed\\play-services-tasks-18.2.0\\jars\\classes.jar;C:\\Users\\USER\\.gradle\\caches\\9.2.1\\transforms\\02be7ea81e8079d1dccf66035bcd9cbc\\workspace\\transformed\\play-services-basement-18.4.0\\jars\\classes.jar;C:\\Users\\USER\\.gradle\\caches\\9.2.1\\transforms\\d1fac89638781b41c22bd1c1c1e6838c\\workspace\\transformed\\fragment-1.5.1\\jars\\classes.jar;C:\\Users\\USER\\.gradle\\caches\\9.2.1\\transforms\\56ef8ed511406a4ba8d338eef03a0c20\\workspace\\transformed\\activity-ktx-1.13.0\\jars\\classes.jar;C:\\Users\\USER\\.gradle\\caches\\9.2.1\\transforms\\95a090c313068644d26407725af839f8\\workspace\\transformed\\activity-1.13.0\\jars\\classes.jar;C:\\Users\\USER\\.gradle\\caches\\9.2.1\\transforms\\a6165a238fc4db918becf5bc05983846\\workspace\\transformed\\material3\\jars\\classes.jar;C:\\Users\\USER\\.gradle\\caches\\9.2.1\\transforms\\9ffdbcc069fd7410af1b8400c3b2c9ec\\workspace\\transformed\\material-ripple\\jars\\classes.jar;C:\\Users\\USER\\.gradle\\caches\\9.2.1\\transforms\\c6d893076957cdce6482f01759ff4391\\workspace\\transformed\\animation-core\\jars\\classes.jar;C:\\Users\\USER\\.gradle\\caches\\9.2.1\\transforms\\1cad00dc42e1b0fcb590007572ec3271\\workspace\\transformed\\animation\\jars\\classes.jar;C:\\Users\\USER\\.gradle\\caches\\9.2.1\\transforms\\d4afac9ebdb0bdbf092803a5144444e2\\workspace\\transformed\\foundation-layout\\jars\\classes.jar;C:\\Users\\USER\\.gradle\\caches\\9.2.1\\transforms\\2d5a6eb1f0b38e988cba99f90a08477a\\workspace\\transformed\\foundation\\jars\\classes.jar;C:\\Users\\USER\\.gradle\\caches\\9.2.1\\transforms\\2f6849972df2358be3b3da4b2b4ccab5\\workspace\\transformed\\ui-tooling-data\\jars\\classes.jar;C:\\Users\\USER\\.gradle\\caches\\9.2.1\\transforms\\f63ee4c68ef2968400aec9b0e3f07870\\workspace\\transformed\\ui-unit\\jars\\classes.jar;C:\\Users\\USER\\.gradle\\caches\\9.2.1\\transforms\\16aacf24282db7e546d08bf0c4b6e32e\\workspace\\transformed\\ui-geometry\\jars\\classes.jar;C:\\Users\\USER\\.gradle\\caches\\9.2.1\\transforms\\e9fff8a830381d4f647ccc71b8a9ff7a\\workspace\\transformed\\ui-text\\jars\\classes.jar;C:\\Users\\USER\\.gradle\\caches\\9.2.1\\transforms\\7fc0ac4181f34d8b7aee7f7659d34bc4\\workspace\\transformed\\ui-util\\jars\\classes.jar;C:\\Users\\USER\\.gradle\\caches\\9.2.1\\transforms\\df22c0e81bc95fb56f285b2ff0089bec\\workspace\\transformed\\ui-tooling-preview\\jars\\classes.jar;C:\\Users\\USER\\.gradle\\caches\\9.2.1\\transforms\\a0360fb91ce114779178960992b03f9d\\workspace\\transformed\\ui-graphics\\jars\\classes.jar;C:\\Users\\USER\\.gradle\\caches\\9.2.1\\transforms\\efbec1704e5b8f3a6c4a19095228fbf5\\workspace\\transformed\\ui-tooling\\jars\\classes.jar;C:\\Users\\USER\\.gradle\\caches\\9.2.1\\transforms\\5724926ad6644327ff39c3e514113fed\\workspace\\transformed\\activity-compose-1.13.0\\jars\\classes.jar;C:\\Users\\USER\\.gradle\\caches\\9.2.1\\transforms\\e9785ad09ae6b3ca7a9ab7b15ebbcb68\\workspace\\transformed\\material-icons-core-release\\jars\\classes.jar;C:\\Users\\USER\\.gradle\\caches\\9.2.1\\transforms\\942a31b265e6b5ba43f94c2d07953a7e\\workspace\\transformed\\navigationevent\\jars\\classes.jar;C:\\Users\\USER\\.gradle\\caches\\9.2.1\\transforms\\48106789595e306554624e66f5fd33bf\\workspace\\transformed\\navigationevent-compose\\jars\\classes.jar;C:\\Users\\USER\\.gradle\\caches\\9.2.1\\transforms\\e0294e62c96f7e0e0dbe7d82f8b4d0c2\\workspace\\transformed\\ui\\jars\\classes.jar;C:\\Users\\USER\\.gradle\\caches\\9.2.1\\transforms\\7e8c283234fe7b4425c296a59d5f2a74\\workspace\\transformed\\transition-1.6.0\\jars\\classes.jar;C:\\Users\\USER\\.gradle\\caches\\9.2.1\\transforms\\0a9317b5aa4c455a90fa3be3fb170892\\workspace\\transformed\\dynamicanimation-1.0.0\\jars\\classes.jar;C:\\Users\\USER\\.gradle\\caches\\9.2.1\\transforms\\cd8f349f076e1960037fd32c032a1949\\workspace\\transformed\\recyclerview-1.1.0\\jars\\classes.jar;C:\\Users\\USER\\.gradle\\caches\\9.2.1\\transforms\\7b129e8244461dfdd6bdf76484efd3a0\\workspace\\transformed\\swiperefreshlayout-1.0.0\\jars\\classes.jar;C:\\Users\\USER\\.gradle\\caches\\9.2.1\\transforms\\409ef0763683fab2f10e08544f2034ea\\workspace\\transformed\\health-services-client-1.0.0\\jars\\classes.jar;C:\\Users\\USER\\.gradle\\caches\\9.2.1\\transforms\\530ff5a3f2e9b3b452caf436173dc008\\workspace\\transformed\\customview-poolingcontainer-1.0.0\\jars\\classes.jar;C:\\Users\\USER\\.gradle\\caches\\9.2.1\\transforms\\2f67510e09cfb9c5a863b4fcee06ac63\\workspace\\transformed\\legacy-support-core-utils-1.0.0\\jars\\classes.jar;C:\\Users\\USER\\.gradle\\caches\\9.2.1\\transforms\\e8411914aa7b6d164e255a967e2c9ee0\\workspace\\transformed\\loader-1.0.0\\jars\\classes.jar;C:\\Users\\USER\\.gradle\\caches\\9.2.1\\transforms\\eadfa8a3e17e40b43a0a490dc2617cdc\\workspace\\transformed\\emoji2-1.4.0\\jars\\classes.jar;C:\\Users\\USER\\.gradle\\caches\\9.2.1\\transforms\\eadfa8a3e17e40b43a0a490dc2617cdc\\workspace\\transformed\\emoji2-1.4.0\\jars\\libs\\repackaged.jar;C:\\Users\\USER\\.gradle\\caches\\9.2.1\\transforms\\f7d3d11b414e78603fa1ad600757641b\\workspace\\transformed\\lifecycle-runtime-ktx\\jars\\classes.jar;C:\\Users\\USER\\.gradle\\caches\\9.2.1\\transforms\\ec450e9c08f2f2522e2d42822eb16c08\\workspace\\transformed\\lifecycle-livedata-core-ktx-2.9.4\\jars\\classes.jar;C:\\Users\\USER\\.gradle\\caches\\9.2.1\\transforms\\aca5a5725896971ea9141f293fde56af\\workspace\\transformed\\lifecycle-process-2.9.4\\jars\\classes.jar;C:\\Users\\USER\\.gradle\\caches\\9.2.1\\transforms\\c7ad3bf711d9dc2ed0b5e1ff94e48cba\\workspace\\transformed\\lifecycle-viewmodel-ktx-2.9.4\\jars\\classes.jar;C:\\Users\\USER\\.gradle\\caches\\9.2.1\\transforms\\10f2e757f45e8d99a061f19c346d9c54\\workspace\\transformed\\lifecycle-service-2.9.4\\jars\\classes.jar;C:\\Users\\USER\\.gradle\\caches\\9.2.1\\transforms\\65493ef1301a15ea01ff751f7ed3abdb\\workspace\\transformed\\lifecycle-livedata-core-2.9.4\\jars\\classes.jar;C:\\Users\\USER\\.gradle\\caches\\9.2.1\\transforms\\946c99f7f321c80d581ec809a3e55932\\workspace\\transformed\\lifecycle-livedata-2.9.4\\jars\\classes.jar;C:\\Users\\USER\\.gradle\\caches\\9.2.1\\transforms\\e45e90f17fb5a18c618f3aa53a61f280\\workspace\\transformed\\lifecycle-viewmodel-2.9.4\\jars\\classes.jar;C:\\Users\\USER\\.gradle\\caches\\9.2.1\\transforms\\a03db60d1154fee653e4c5e34e13c341\\workspace\\transformed\\lifecycle-viewmodel-release\\jars\\classes.jar;C:\\Users\\USER\\.gradle\\caches\\9.2.1\\transforms\\67e48026082e4d55a7206abc2072937b\\workspace\\transformed\\lifecycle-runtime-release\\jars\\classes.jar;C:\\Users\\USER\\.gradle\\caches\\9.2.1\\transforms\\fa16596ba24d9f57bfdf5b3cb9f93f9d\\workspace\\transformed\\lifecycle-viewmodel-savedstate-release\\jars\\classes.jar;C:\\Users\\USER\\.gradle\\caches\\9.2.1\\transforms\\8b3fecd1d56352196bb0a091b9ac7fb0\\workspace\\transformed\\runtime-annotation\\jars\\classes.jar;C:\\Users\\USER\\.gradle\\caches\\9.2.1\\transforms\\338b00ee3fc87f304c48daeeeb5ecd0a\\workspace\\transformed\\runtime-retain\\jars\\classes.jar;C:\\Users\\USER\\.gradle\\caches\\9.2.1\\transforms\\7dfc461d355d9d681912c85ec56bd5de\\workspace\\transformed\\runtime-saveable\\jars\\classes.jar;C:\\Users\\USER\\.gradle\\caches\\9.2.1\\transforms\\03c2e7fa9ac10bc1096716a4297a44cf\\workspace\\transformed\\savedstate-release\\jars\\classes.jar;C:\\Users\\USER\\.gradle\\caches\\9.2.1\\transforms\\e4a0deb06ebf69b5aabc83a98e578303\\workspace\\transformed\\savedstate-ktx-1.3.2\\jars\\classes.jar;C:\\Users\\USER\\.gradle\\caches\\9.2.1\\transforms\\d21ca07d9ef8c0ca0b34c8c9ddc9a300\\workspace\\transformed\\savedstate-compose\\jars\\classes.jar;C:\\Users\\USER\\.gradle\\caches\\9.2.1\\transforms\\0a1a4ffb78f55b3ab2cae7c38fdeab3f\\workspace\\transformed\\core-ktx-1.18.0\\jars\\classes.jar;C:\\Users\\USER\\.gradle\\caches\\9.2.1\\transforms\\78256f4418ef7387ec90ced7b7162f0e\\workspace\\transformed\\core-splashscreen-1.2.0\\jars\\classes.jar;C:\\Users\\USER\\.gradle\\caches\\9.2.1\\transforms\\32b43e70b997c1da4c46b40cee3ab230\\workspace\\transformed\\appcompat-resources-1.7.0\\jars\\classes.jar;C:\\Users\\USER\\.gradle\\caches\\9.2.1\\transforms\\d4f26077d5d15b804282abb9b1e24e2d\\workspace\\transformed\\viewpager-1.0.0\\jars\\classes.jar;C:\\Users\\USER\\.gradle\\caches\\9.2.1\\transforms\\40e6ab866c5b4f5b75e7b2f50eba4528\\workspace\\transformed\\customview-1.0.0\\jars\\classes.jar;C:\\Users\\USER\\.gradle\\caches\\9.2.1\\transforms\\499c74c3e1a8e41ec1fb10584e5cb766\\workspace\\transformed\\vectordrawable-animated-1.1.0\\jars\\classes.jar;C:\\Users\\USER\\.gradle\\caches\\9.2.1\\transforms\\ad622eaaf8d93d6115607ca867627725\\workspace\\transformed\\vectordrawable-1.1.0\\jars\\classes.jar;C:\\Users\\USER\\.gradle\\caches\\9.2.1\\transforms\\34c38de8140073adaaadfdd372926c37\\workspace\\transformed\\autofill-1.0.0\\jars\\classes.jar;C:\\Users\\USER\\.gradle\\caches\\9.2.1\\transforms\\e7f1d4363297ae980627d0aa8b01c066\\workspace\\transformed\\window-core\\jars\\classes.jar;C:\\Users\\USER\\.gradle\\caches\\9.2.1\\transforms\\2049f87c970e7c194ae7cf4c044007aa\\workspace\\transformed\\window-1.5.0\\jars\\classes.jar;C:\\Users\\USER\\.gradle\\caches\\9.2.1\\transforms\\b8aeaa2c1898049d7ad65fb9031db48e\\workspace\\transformed\\graphics-path-1.0.1\\jars\\classes.jar;C:\\Users\\USER\\.gradle\\caches\\9.2.1\\transforms\\31092f29cb96bb08cfde6eeccec1b94e\\workspace\\transformed\\core-1.18.0\\jars\\classes.jar;C:\\Users\\USER\\.gradle\\caches\\9.2.1\\transforms\\9f3f1710ba95d2d5d828893330756fae\\workspace\\transformed\\lifecycle-runtime-compose-release\\jars\\classes.jar;C:\\Users\\USER\\.gradle\\caches\\9.2.1\\transforms\\ff6a2893fbc0081b7485bd30d56cd000\\workspace\\transformed\\runtime\\jars\\classes.jar;C:\\Users\\USER\\.gradle\\caches\\9.2.1\\transforms\\c48bbb811251db67d230d2d67363cd36\\workspace\\transformed\\wear-tooling-preview-1.0.0\\jars\\classes.jar;C:\\Users\\USER\\.gradle\\caches\\9.2.1\\transforms\\2d2dd3f411e9c51daf043b62d84b558d\\workspace\\transformed\\core-viewtree-1.0.0\\jars\\classes.jar;C:\\Users\\USER\\.gradle\\caches\\9.2.1\\transforms\\c438431471b4c74841414e718164457c\\workspace\\transformed\\annotation-experimental-1.4.1\\jars\\classes.jar;C:\\Users\\USER\\.gradle\\caches\\9.2.1\\transforms\\c39b2748c6cea75bc06f66277fb3bfec\\workspace\\transformed\\versionedparcelable-1.1.1\\jars\\classes.jar;C:\\Users\\USER\\.gradle\\caches\\9.2.1\\transforms\\03be449296a6ade76f5b1d13fa99b54e\\workspace\\transformed\\profileinstaller-1.4.0\\jars\\classes.jar;C:\\Users\\USER\\.gradle\\caches\\9.2.1\\transforms\\37619de12563d9ea6d846366ae6613be\\workspace\\transformed\\interpolator-1.0.0\\jars\\classes.jar;C:\\Users\\USER\\.gradle\\caches\\9.2.1\\transforms\\b3db25231a7fd1a890ede8b18aeb3f3c\\workspace\\transformed\\startup-runtime-1.1.1\\jars\\classes.jar;C:\\Users\\USER\\.gradle\\caches\\9.2.1\\transforms\\295fe2706ee87f2b8f3366f19917a3d0\\workspace\\transformed\\documentfile-1.0.0\\jars\\classes.jar;C:\\Users\\USER\\.gradle\\caches\\9.2.1\\transforms\\cedcbb2d30774781175c48db2ce35805\\workspace\\transformed\\localbroadcastmanager-1.0.0\\jars\\classes.jar;C:\\Users\\USER\\.gradle\\caches\\9.2.1\\transforms\\7b473e191f5c97dc68b4bfac9d2f20d7\\workspace\\transformed\\print-1.0.0\\jars\\classes.jar;C:\\Users\\USER\\.gradle\\caches\\9.2.1\\transforms\\8d9f8a316847d124947b9bbb86b1bb43\\workspace\\transformed\\core-runtime-2.2.0\\jars\\classes.jar;C:\\Users\\USER\\.gradle\\caches\\9.2.1\\transforms\\fc22ea6b3782677fd9dcac5cc0f626eb\\workspace\\transformed\\tracing-1.2.0\\jars\\classes.jar;C:\\Users\\USER\\.gradle\\caches\\9.2.1\\transforms\\5d174e116d761642f620eb3bbdecff9b\\workspace\\transformed\\dagger-lint-aar-2.59.2\\jars\\classes.jar;C:\\Users\\USER\\Desktop\\proyecto\\ace-ecosystem\\ace-wear\\app\\build\\intermediates\\compile_and_runtime_r_class_jar\\debug\\processDebugResources\\R.jar;C:\\Users\\USER\\.gradle\\caches\\9.2.1\\transforms\\20193cf2ad2d3e5b005a0bc9c45f8f3c\\workspace\\transformed\\android.jar
Launcher Type: SUN_STANDARD

[Global flags]
     intx CICompilerCount                          = 3                                         {product} {ergonomic}
     uint ConcGCThreads                            = 1                                         {product} {ergonomic}
     bool EnableDynamicAgentLoading                = true                                      {product} {command line}
     uint G1ConcRefinementThreads                  = 4                                         {product} {ergonomic}
   size_t G1HeapRegionSize                         = 1048576                                   {product} {ergonomic}
    uintx GCDrainStackTargetSize                   = 64                                        {product} {ergonomic}
   size_t InitialHeapSize                          = 132120576                                 {product} {ergonomic}
   size_t MarkStackSize                            = 4194304                                   {product} {ergonomic}
   size_t MaxHeapSize                              = 536870912                                 {product} {command line}
   size_t MinHeapDeltaBytes                        = 1048576                                   {product} {ergonomic}
   size_t MinHeapSize                              = 8388608                                   {product} {ergonomic}
    uintx NonNMethodCodeHeapSize                   = 5832780                                {pd product} {ergonomic}
    uintx NonProfiledCodeHeapSize                  = 122912730                              {pd product} {ergonomic}
    uintx ProfiledCodeHeapSize                     = 122912730                              {pd product} {ergonomic}
    uintx ReservedCodeCacheSize                    = 251658240                              {pd product} {ergonomic}
     bool SegmentedCodeCache                       = true                                      {product} {ergonomic}
   size_t SoftMaxHeapSize                          = 536870912                              {manageable} {ergonomic}
     bool UseCompressedOops                        = true                           {product lp64_product} {ergonomic}
     bool UseG1GC                                  = true                                      {product} {ergonomic}
     bool UseLargePagesIndividualAllocation        = false                                  {pd product} {ergonomic}

Logging:
Log output configuration:
 #0: stdout all=warning uptime,level,tags foldmultilines=false
 #1: stderr all=off uptime,level,tags foldmultilines=false

Release file:
<release file has not been read>
Environment Variables:
JAVA_HOME=C:\Program Files\Apache NetBeans\jdk
PATH=C:\Program Files\Microsoft MPI\Bin\;C:\Program Files\Common Files\Oracle\Java\javapath;C:\Program Files (x86)\Common Files\Oracle\Java\java8path;C:\Program Files (x86)\Common Files\Oracle\Java\javapath;C:\Windows\system32;C:\Windows;C:\Windows\System32\Wbem;C:\Windows\System32\WindowsPowerShell\v1.0\;C:\Windows\System32\OpenSSH\;C:\Program Files (x86)\dotnet\;C:\Program Files\dotnet\;C:\Program Files\Microsoft SQL Server\150\Tools\Binn\;C:\Program Files\Git\cmd;C:\Program Files\Docker\Docker\resources\bin;C:\Program Files\Microsoft MPI\Bin\;C:\Program Files\Common Files\Oracle\Java\javapath;C:\Program Files (x86)\Common Files\Oracle\Java\java8path;C:\Program Files (x86)\Common Files\Oracle\Java\javapath;C:\Windows\system32;C:\Windows;C:\Windows\System32\Wbem;C:\Windows\System32\WindowsPowerShell\v1.0\;C:\Windows\System32\OpenSSH\;C:\Program Files (x86)\dotnet\;C:\Program Files\dotnet\;C:\Program Files\Microsoft SQL Server\150\Tools\Binn\;C:\Program Files\Git\cmd;C:\Program Files\Docker\Docker\resources\bin;C:\Program Files\Microsoft MPI\Bin\;C:\Program Files\Common Files\Oracle\Java\javapath;C:\Program Files (x86)\Common Files\Oracle\Java\java8path;C:\Program Files (x86)\Common Files\Oracle\Java\javapath;C:\Windows\system32;C:\Windows;C:\Windows\System32\Wbem;C:\Windows\System32\WindowsPowerShell\v1.0\;C:\Windows\System32\OpenSSH\;C:\Program Files (x86)\dotnet\;C:\Program Files\dotnet\;C:\Program Files\Microsoft SQL Server\Client SDK\ODBC\170\Tools\Binn\;C:\Program Files (x86)\Microsoft SQL Server\160\Tools\Binn\;C:\Program Files\Microsoft SQL Server\160\Tools\Binn\;C:\Program Files\Microsoft SQL Server\160\DTS\Binn\;C:\Program Files\Microsoft SQL Server\150\Tools\Binn\;C:\Program Files\Git\cmd;C:\Program Files\Docker\Docker\resources\bin;C:\Program Files\Warp\bin;C:\Program Files\MySQL\MySQL Shell 8.0\bin\;C:\Users\USER\AppData\Local\Programs\Python\Python314\Scripts\;C:\Users\USER\AppData\Local\Programs\Python\Python314\;C:\Users\USER\AppData\Local\Microsoft\WindowsApps;C:\Users\USER\.dotnet\tools;C:\Users\USER\Desktop\Microsoft VS Code\bin;C:\Users\USER\.deno\bin;C:\apache-maven\apache-maven-3.9.6\bin;C:\Users\USER\AppData\Local\Android\Sdk\platform-tools
USERNAME=USER
OS=Windows_NT
PROCESSOR_IDENTIFIER=Intel64 Family 6 Model 78 Stepping 3, GenuineIntel
TMP=C:\Users\USER\AppData\Local\Temp
TEMP=C:\Users\USER\AppData\Local\Temp




Periodic native trim disabled

JNI global refs:
JNI global refs: 0, weak refs: 0

JNI global refs memory usage: 0, weak refs: 0

Process memory usage:
Resident Set Size: 10704K (0% of 8256936K total physical memory with 525344K free physical memory)

OOME stack traces (most recent first):
Classloader memory used:

---------------  S Y S T E M  ---------------

OS:
 Windows 10 , 64 bit Build 19041 (10.0.19041.5915)
OS uptime: 0 days 1:42 hours
Hyper-V role detected

CPU: total 4 (initial active 4) (2 cores per cpu, 2 threads per core) family 6 model 78 stepping 3 microcode 0xec, cx8, cmov, fxsr, ht, mmx, 3dnowpref, sse, sse2, sse3, ssse3, sse4.1, sse4.2, popcnt, lzcnt, tsc, tscinvbit, avx, avx2, aes, erms, clmul, bmi1, bmi2, adx, fma, vzeroupper, clflush, clflushopt, hv, rdtscp, f16c
Processor Information for the first 4 processors :
  Max Mhz: 2400, Current Mhz: 2300, Mhz Limit: 2280

Memory: 4k page, system-wide physical 8063M (513M free)
TotalPageFile size 12159M (AvailPageFile size 80M)
current process WorkingSet (physical memory assigned to process): 10M, peak: 10M
current process commit charge ("private bytes"): 51M, peak: 177M

vm_info: OpenJDK 64-Bit Server VM (21.0.10+-14961533-b1163.108) for windows-amd64 JRE (21.0.10+-14961533-b1163.108), built on 2026-03-02T19:58:50Z by "builder" with MS VC++ 16.10 / 16.11 (VS2019)

END.
